Command line invocation:
    /Applications/Xcode.app/Contents/Developer/usr/bin/xcodebuild -project ../OneLife.xcodeproj -scheme OneLife -derivedDataPath ./DerivedData build

2026-05-04 03:52:03.685 xcodebuild[12355:423207]  IDEDownloadableMetalToolchainCoordinator: Failed to remount the Metal Toolchain: No downloaded assets found: The file “MetalToolchain” couldn’t be saved in the folder “Assets”.
2026-05-04 03:52:03.689 xcodebuild[12355:423168] [MT] IDESimulatorRuntimeVersionCoordinator: Error loading SDK-to-sim mappings: Error Domain=NSCocoaErrorDomain Code=257 "The file “SDKToSimulatorIndexMapping.plist” couldn’t be opened because you don’t have permission to view it." UserInfo={NSFilePath=/Users/justinjeffery/Library/Developer/Xcode/SDKToSimulatorIndexMapping.plist, NSURL=file:///Users/justinjeffery/Library/Developer/Xcode/SDKToSimulatorIndexMapping.plist, NSUnderlyingError=0xbb1e048a0 {Error Domain=NSPOSIXErrorDomain Code=1 "Operation not permitted"}}
2026-05-04 03:52:03.689 xcodebuild[12355:423168] [MT] IDESimulatorRuntimeVersionCoordinator: Unable to read RuntimeMap data at /Users/justinjeffery/Library/Developer/CoreSimulator/RuntimeMap.plist: Error Domain=NSCocoaErrorDomain Code=257 "The file “RuntimeMap.plist” couldn’t be opened because you don’t have permission to view it." UserInfo={NSFilePath=/Users/justinjeffery/Library/Developer/CoreSimulator/RuntimeMap.plist, NSURL=file:///Users/justinjeffery/Library/Developer/CoreSimulator/RuntimeMap.plist, NSUnderlyingError=0xbb1e044b0 {Error Domain=NSPOSIXErrorDomain Code=1 "Operation not permitted"}}
2026-05-04 03:52:03.713 xcodebuild[12355:423168] [MT] IDERunDestination: Supported platforms for the buildables in the current scheme is empty.
--- xcodebuild: WARNING: Using the first of multiple matching destinations:
{ platform:iOS, id:dvtdevice-DVTiPhonePlaceholder-iphoneos:placeholder, name:Any iOS Device }
{ platform:iOS Simulator, id:dvtdevice-DVTiOSDeviceSimulatorPlaceholder-iphonesimulator:placeholder, name:Any iOS Simulator Device }
{ platform:iOS Simulator, arch:arm64, id:89DA9F68-C4D7-4B3A-8F17-87A26D6E3D54, OS:26.4, name:iPad (A16) }
{ platform:iOS Simulator, arch:arm64, id:8B03071E-F8DB-436E-852F-6F1E8F05CC7B, OS:26.4, name:iPad Air 11-inch (M4) }
{ platform:iOS Simulator, arch:arm64, id:A5F1603E-3A37-44AC-AF71-CDA3C4E76949, OS:26.4, name:iPad Air 13-inch (M4) }
{ platform:iOS Simulator, arch:arm64, id:AEFCB761-5A21-449A-858F-7A49CAC13D00, OS:26.4, name:iPad Pro 11-inch (M5) }
{ platform:iOS Simulator, arch:arm64, id:9AC70BDF-135E-49AE-9271-11C9951CF67E, OS:26.4, name:iPad Pro 13-inch (M5) }
{ platform:iOS Simulator, arch:arm64, id:1E8393E5-1D56-4AAB-8DF9-E868C7F4404C, OS:26.4, name:iPad mini (A17 Pro) }
{ platform:iOS Simulator, arch:arm64, id:3E9D8AC3-CB67-45CC-BAF5-D411DA5F19DD, OS:26.4, name:iPhone 17 }
{ platform:iOS Simulator, arch:arm64, id:0B2A8C82-F9B9-4723-A499-AF269FC37DA2, OS:26.4, name:iPhone 17 Pro }
{ platform:iOS Simulator, arch:arm64, id:C6826BDA-DDEA-4422-918C-8FF57ECE5AFD, OS:26.4, name:iPhone 17 Pro Max }
{ platform:iOS Simulator, arch:arm64, id:B5A31490-8106-4786-ACC9-5B702A62478E, OS:26.4, name:iPhone 17e }
{ platform:iOS Simulator, arch:arm64, id:0033B09F-38CC-4C5C-B9FF-02043EEF3061, OS:26.4, name:iPhone Air }
{ platform:iOS, arch:arm64, id:00008140-001A111911FA801C, name: Justin }
ComputePackagePrebuildTargetDependencyGraph

Prepare packages

CreateBuildRequest

SendProjectDescription

CreateBuildOperation

ComputeTargetDependencyGraph
note: Building targets in dependency order
note: Target dependency graph (1 target)
    Target 'OneLife' in project 'OneLife' (no dependencies)

GatherProvisioningInputs

CreateBuildDescription

ExecuteExternalTool /Applications/Xcode.app/Contents/Developer/Toolchains/XcodeDefault.xctoolchain/usr/bin/clang -v -E -dM -isysroot /Applications/Xcode.app/Contents/Developer/Platforms/iPhoneOS.platform/Developer/SDKs/iPhoneOS26.4.sdk -x c -c /dev/null

ExecuteExternalTool /Applications/Xcode.app/Contents/Developer/usr/bin/actool --print-asset-tag-combinations --output-format xml1 /Users/justinjeffery/Developer/OneLife/OneLife/Assets.xcassets

ExecuteExternalTool /Applications/Xcode.app/Contents/Developer/usr/bin/actool --version --output-format xml1

ExecuteExternalTool /Applications/Xcode.app/Contents/Developer/Toolchains/XcodeDefault.xctoolchain/usr/bin/swiftc --version

ExecuteExternalTool /Applications/Xcode.app/Contents/Developer/Toolchains/XcodeDefault.xctoolchain/usr/bin/ld -version_details

Build description signature: c6abdd1952e319e2b114168034272887
Build description path: /Users/justinjeffery/Developer/OneLife/OneLife/DerivedData/Build/Intermediates.noindex/XCBuildData/c6abdd1952e319e2b114168034272887.xcbuilddata
/Users/justinjeffery/Developer/OneLife/OneLife.xcodeproj: error: No profiles for 'LifeApp.OneLife' were found: Xcode couldn't find any iOS App Development provisioning profiles matching 'LifeApp.OneLife'. Automatic signing is disabled and unable to generate a profile. To enable automatic signing, pass -allowProvisioningUpdates to xcodebuild. (in target 'OneLife' from project 'OneLife')
** BUILD FAILED **


The following build commands failed:
	Building project OneLife with scheme OneLife
(1 failure)
